// Jest Snapshot v1, https://goo.gl/fbAQLP

exports[`Inventory Detail component displays the inventory on the dashboard 1`] = `
<div>
  <div>
    <div
      aria-label="outlined primary button group"
      class="MuiButtonGroup-root MuiButtonGroup-contained css-dr3dyz-MuiButtonGroup-root"
      role="group"
    >
      <button
        class="MuiButton-root MuiButton-contained MuiButton-containedPrimary MuiButton-sizeMedium MuiButton-containedSizeMedium MuiButtonBase-root MuiButtonGroup-grouped MuiButtonGroup-groupedHorizontal MuiButtonGroup-groupedContained MuiButtonGroup-groupedContainedHorizontal MuiButtonGroup-groupedContainedPrimary css-sghohy-MuiButtonBase-root-MuiButton-root"
        tabindex="0"
        type="button"
      >
        Edit
        <span
          class="MuiTouchRipple-root css-8je8zh-MuiTouchRipple-root"
        />
      </button>
      <button
        class="MuiButton-root MuiButton-contained MuiButton-containedPrimary MuiButton-sizeMedium MuiButton-containedSizeMedium MuiButtonBase-root MuiButtonGroup-grouped MuiButtonGroup-groupedHorizontal MuiButtonGroup-groupedContained MuiButtonGroup-groupedContainedHorizontal MuiButtonGroup-groupedContainedPrimary css-sghohy-MuiButtonBase-root-MuiButton-root"
        tabindex="0"
        type="button"
      >
        Delete
        <span
          class="MuiTouchRipple-root css-8je8zh-MuiTouchRipple-root"
        />
      </button>
    </div>
    <h2
      class="MuiTypography-root MuiTypography-h2 css-1sra7t5-MuiTypography-root"
    >
      butter
    </h2>
    <h6
      class="MuiTypography-root MuiTypography-h6 css-2ulfj5-MuiTypography-root"
    >
      unsalted butter
    </h6>
    <h6
      class="MuiTypography-root MuiTypography-h6 css-2ulfj5-MuiTypography-root"
    >
      Restock at 
      5
       
      lbs
    </h6>
    <h2
      class="MuiTypography-root MuiTypography-h2 MuiTypography-alignCenter css-icizyq-MuiTypography-root"
    >
      24.099999999999998
       
      lbs
    </h2>
  </div>
</div>
`;
